["Error: JSON not enclosed in expected delimiters."]
["Error: JSON not enclosed in expected delimiters."]
["JSON Decode Error: Expecting property name enclosed in double quotes: line 16 column 5 (char 539)"]
["Error: Unexpected fields: balance_after"]
["Error: JSON not enclosed in expected delimiters."]
["JSON Decode Error: Expecting property name enclosed in double quotes: line 14 column 1 (char 425)"]
["Error: JSON not enclosed in expected delimiters."]
["Error: JSON not enclosed in expected delimiters."]
["JSON Decode Error: Extra data: line 1 column 17 (char 16)"]
["Error: JSON not enclosed in expected delimiters."]
["Error: JSON not enclosed in expected delimiters."]
["Error: Missing fields: merchant_name"]
["Error: Missing fields: merchant_name, recipient_bank"]
["Error: Missing fields: recipient_id, recipient_bank"]
["Error: Missing fields: recipient_id, recipient_bank"]
["Error: Missing fields: recipient_id, recipient_bank"]
["Error: Missing fields: recipient_id, recipient_bank"]
["Error: Missing fields: recipient_id, recipient_bank"]
["Error: Missing fields: recipient_id, recipient_bank"]
["Error: Missing fields: recipient_id, recipient_bank"]
["Error: Missing fields: recipient_id, recipient_bank"]
["Error: Missing fields: recipient_id, recipient_bank"]
["Error: Missing fields: recipient_id, recipient_bank"]
["Error: Missing fields: recipient_id, recipient_bank"]
["Error: Missing fields: recipient_id, recipient_bank"]
["Error: Missing fields: recipient_id, recipient_bank"]
["Error: Missing fields: recipient_id, recipient_bank"]
["Error: Missing fields: recipient_id, recipient_bank"]
["Error: Missing fields: recipient_id, recipient_bank"]
["Error: Missing fields: merchant_name"]
["JSON Decode Error: Expecting property name enclosed in double quotes: line 14 column 1 (char 410)"]
["Error: Missing fields: recipient_id, recipient_bank"]
["Error: Missing fields: recipient_id, recipient_bank"]
["Error: Missing fields: recipient_id, recipient_bank"]
["Error: Missing fields: recipient_id, recipient_bank"]
["Error: Missing fields: recipient_id, recipient_bank"]
["Error: Missing fields: merchant_name"]
["Error: Missing fields: recipient_id, recipient_bank"]
["Error: Missing fields: merchant_name"]
["Error: Missing fields: recipient_id, recipient_bank"]
["Error: Missing fields: recipient_id, recipient_bank"]
["Error: Missing fields: merchant_name"]
["Error: Missing fields: recipient_id, recipient_bank"]
["Error: Missing fields: recipient_id, recipient_bank"]
["Error: Missing fields: recipient_id, recipient_bank"]
["Error: Missing fields: recipient_id, recipient_bank"]
["Error: Missing fields: recipient_id, recipient_bank"]
["Error: Missing fields: recipient_id, recipient_bank"]
["Error: Missing fields: recipient_id, recipient_bank"]
["Error: Missing fields: merchant_name"]
["Error: Missing fields: merchant_name"]
["Error: Missing fields: merchant_name"]
["Error: Missing fields: recipient_id, recipient_bank"]
["Error: Missing fields: recipient_id, recipient_bank"]
["Error: Missing fields: recipient_id, recipient_bank"]
["Error: Missing fields: recipient_id, recipient_bank"]
["Error: Missing fields: recipient_id, recipient_bank"]
["Error: Missing fields: recipient_id, recipient_bank"]
["Error: Missing fields: merchant_name"]
["Error: Missing fields: recipient_id, recipient_bank"]
["Error: Missing fields: merchant_name"]
["Error: Missing fields: recipient_id, recipient_bank"]
["Error: Missing fields: merchant_name"]
["Error: Missing fields: recipient_id, recipient_bank"]
["Error: Missing fields: recipient_id, recipient_bank"]
["Error: Missing fields: recipient_id, recipient_bank"]
["Error: Missing fields: recipient_id, recipient_bank"]
["Error: Missing fields: recipient_id, recipient_bank"]
